[    2552ms] Error: Minified React error #418; visit https://reactjs.org/docs/error-decoder.html?invariant=418 for the full message or use the non-minified dev environment for full errors and additional helpful warnings.
    at lg (https://www.gillette.de/_next/static/chunks/framework-945b357d4a851f4b.js:1:46555)
    at i (https://www.gillette.de/_next/static/chunks/framework-945b357d4a851f4b.js:1:121150)
    at oO (https://www.gillette.de/_next/static/chunks/framework-945b357d4a851f4b.js:1:99117)
    at https://www.gillette.de/_next/static/chunks/framework-945b357d4a851f4b.js:1:98984
    at oF (https://www.gillette.de/_next/static/chunks/framework-945b357d4a851f4b.js:1:98991)
    at oS (https://www.gillette.de/_next/static/chunks/framework-945b357d4a851f4b.js:1:94030)
    at x (https://www.gillette.de/_next/static/chunks/framework-945b357d4a851f4b.js:1:137528)
    at MessagePort.T (https://www.gillette.de/_next/static/chunks/framework-945b357d4a851f4b.js:1:138058)
[    2553ms] Error: Minified React error #418; visit https://reactjs.org/docs/error-decoder.html?invariant=418 for the full message or use the non-minified dev environment for full errors and additional helpful warnings.
    at lg (https://www.gillette.de/_next/static/chunks/framework-945b357d4a851f4b.js:1:46555)
    at i (https://www.gillette.de/_next/static/chunks/framework-945b357d4a851f4b.js:1:121150)
    at oO (https://www.gillette.de/_next/static/chunks/framework-945b357d4a851f4b.js:1:99117)
    at https://www.gillette.de/_next/static/chunks/framework-945b357d4a851f4b.js:1:98984
    at oF (https://www.gillette.de/_next/static/chunks/framework-945b357d4a851f4b.js:1:98991)
    at oS (https://www.gillette.de/_next/static/chunks/framework-945b357d4a851f4b.js:1:94030)
    at x (https://www.gillette.de/_next/static/chunks/framework-945b357d4a851f4b.js:1:137528)
    at MessagePort.T (https://www.gillette.de/_next/static/chunks/framework-945b357d4a851f4b.js:1:138058)
[    2554ms] Error: Minified React error #418; visit https://reactjs.org/docs/error-decoder.html?invariant=418 for the full message or use the non-minified dev environment for full errors and additional helpful warnings.
    at lg (https://www.gillette.de/_next/static/chunks/framework-945b357d4a851f4b.js:1:46555)
    at i (https://www.gillette.de/_next/static/chunks/framework-945b357d4a851f4b.js:1:121150)
    at oO (https://www.gillette.de/_next/static/chunks/framework-945b357d4a851f4b.js:1:99117)
    at https://www.gillette.de/_next/static/chunks/framework-945b357d4a851f4b.js:1:98984
    at oF (https://www.gillette.de/_next/static/chunks/framework-945b357d4a851f4b.js:1:98991)
    at oS (https://www.gillette.de/_next/static/chunks/framework-945b357d4a851f4b.js:1:94030)
    at x (https://www.gillette.de/_next/static/chunks/framework-945b357d4a851f4b.js:1:137528)
    at MessagePort.T (https://www.gillette.de/_next/static/chunks/framework-945b357d4a851f4b.js:1:138058)
[    2555ms] Error: Minified React error #418; visit https://reactjs.org/docs/error-decoder.html?invariant=418 for the full message or use the non-minified dev environment for full errors and additional helpful warnings.
    at lg (https://www.gillette.de/_next/static/chunks/framework-945b357d4a851f4b.js:1:46555)
    at i (https://www.gillette.de/_next/static/chunks/framework-945b357d4a851f4b.js:1:121150)
    at oO (https://www.gillette.de/_next/static/chunks/framework-945b357d4a851f4b.js:1:99117)
    at https://www.gillette.de/_next/static/chunks/framework-945b357d4a851f4b.js:1:98984
    at oF (https://www.gillette.de/_next/static/chunks/framework-945b357d4a851f4b.js:1:98991)
    at oS (https://www.gillette.de/_next/static/chunks/framework-945b357d4a851f4b.js:1:94030)
    at x (https://www.gillette.de/_next/static/chunks/framework-945b357d4a851f4b.js:1:137528)
    at MessagePort.T (https://www.gillette.de/_next/static/chunks/framework-945b357d4a851f4b.js:1:138058)
[    2556ms] Error: Minified React error #418; visit https://reactjs.org/docs/error-decoder.html?invariant=418 for the full message or use the non-minified dev environment for full errors and additional helpful warnings.
    at lg (https://www.gillette.de/_next/static/chunks/framework-945b357d4a851f4b.js:1:46555)
    at i (https://www.gillette.de/_next/static/chunks/framework-945b357d4a851f4b.js:1:121150)
    at oO (https://www.gillette.de/_next/static/chunks/framework-945b357d4a851f4b.js:1:99117)
    at https://www.gillette.de/_next/static/chunks/framework-945b357d4a851f4b.js:1:98984
    at oF (https://www.gillette.de/_next/static/chunks/framework-945b357d4a851f4b.js:1:98991)
    at oS (https://www.gillette.de/_next/static/chunks/framework-945b357d4a851f4b.js:1:94030)
    at x (https://www.gillette.de/_next/static/chunks/framework-945b357d4a851f4b.js:1:137528)
    at MessagePort.T (https://www.gillette.de/_next/static/chunks/framework-945b357d4a851f4b.js:1:138058)
[    2558ms] Error: Minified React error #418; visit https://reactjs.org/docs/error-decoder.html?invariant=418 for the full message or use the non-minified dev environment for full errors and additional helpful warnings.
    at lg (https://www.gillette.de/_next/static/chunks/framework-945b357d4a851f4b.js:1:46555)
    at i (https://www.gillette.de/_next/static/chunks/framework-945b357d4a851f4b.js:1:121150)
    at oO (https://www.gillette.de/_next/static/chunks/framework-945b357d4a851f4b.js:1:99117)
    at https://www.gillette.de/_next/static/chunks/framework-945b357d4a851f4b.js:1:98984
    at oF (https://www.gillette.de/_next/static/chunks/framework-945b357d4a851f4b.js:1:98991)
    at oS (https://www.gillette.de/_next/static/chunks/framework-945b357d4a851f4b.js:1:94030)
    at x (https://www.gillette.de/_next/static/chunks/framework-945b357d4a851f4b.js:1:137528)
    at MessagePort.T (https://www.gillette.de/_next/static/chunks/framework-945b357d4a851f4b.js:1:138058)
[    2559ms] Error: Minified React error #418; visit https://reactjs.org/docs/error-decoder.html?invariant=418 for the full message or use the non-minified dev environment for full errors and additional helpful warnings.
    at lg (https://www.gillette.de/_next/static/chunks/framework-945b357d4a851f4b.js:1:46555)
    at i (https://www.gillette.de/_next/static/chunks/framework-945b357d4a851f4b.js:1:121150)
    at oO (https://www.gillette.de/_next/static/chunks/framework-945b357d4a851f4b.js:1:99117)
    at https://www.gillette.de/_next/static/chunks/framework-945b357d4a851f4b.js:1:98984
    at oF (https://www.gillette.de/_next/static/chunks/framework-945b357d4a851f4b.js:1:98991)
    at oS (https://www.gillette.de/_next/static/chunks/framework-945b357d4a851f4b.js:1:94030)
    at x (https://www.gillette.de/_next/static/chunks/framework-945b357d4a851f4b.js:1:137528)
    at MessagePort.T (https://www.gillette.de/_next/static/chunks/framework-945b357d4a851f4b.js:1:138058)
[    2560ms] Error: Minified React error #418; visit https://reactjs.org/docs/error-decoder.html?invariant=418 for the full message or use the non-minified dev environment for full errors and additional helpful warnings.
    at lg (https://www.gillette.de/_next/static/chunks/framework-945b357d4a851f4b.js:1:46555)
    at i (https://www.gillette.de/_next/static/chunks/framework-945b357d4a851f4b.js:1:121150)
    at oO (https://www.gillette.de/_next/static/chunks/framework-945b357d4a851f4b.js:1:99117)
    at https://www.gillette.de/_next/static/chunks/framework-945b357d4a851f4b.js:1:98984
    at oF (https://www.gillette.de/_next/static/chunks/framework-945b357d4a851f4b.js:1:98991)
    at oS (https://www.gillette.de/_next/static/chunks/framework-945b357d4a851f4b.js:1:94030)
    at x (https://www.gillette.de/_next/static/chunks/framework-945b357d4a851f4b.js:1:137528)
    at MessagePort.T (https://www.gillette.de/_next/static/chunks/framework-945b357d4a851f4b.js:1:138058)
[    2560ms] Error: Minified React error #423; visit https://reactjs.org/docs/error-decoder.html?invariant=423 for the full message or use the non-minified dev environment for full errors and additional helpful warnings.
    at i (https://www.gillette.de/_next/static/chunks/framework-945b357d4a851f4b.js:1:120819)
    at oO (https://www.gillette.de/_next/static/chunks/framework-945b357d4a851f4b.js:1:99117)
    at https://www.gillette.de/_next/static/chunks/framework-945b357d4a851f4b.js:1:98984
    at oF (https://www.gillette.de/_next/static/chunks/framework-945b357d4a851f4b.js:1:98991)
    at ox (https://www.gillette.de/_next/static/chunks/framework-945b357d4a851f4b.js:1:95743)
    at oS (https://www.gillette.de/_next/static/chunks/framework-945b357d4a851f4b.js:1:94298)
    at x (https://www.gillette.de/_next/static/chunks/framework-945b357d4a851f4b.js:1:137528)
    at MessagePort.T (https://www.gillette.de/_next/static/chunks/framework-945b357d4a851f4b.js:1:138058)
[    6048ms] [WARNING] The resource https://images.ctfassets.net/4t2g4k2vpevh/5EgyQ1rGE4UiGJz83x2OWb/7085e3e2fa32ce026c6642d5fa7cf321/TRACE-THE-BEARD-CONTOURS_2x-DT.jpg?fm=avif&w=360&q=70 was preloaded using link preload but not used within a few seconds from the window's load event. Please make sure it has an appropriate `as` value and it is preloaded intentionally. @ https://www.gillette.de/de-de/perfekte-rasur/bart-styles/bartkonturen-richtig-rasieren:0
[    6048ms] [WARNING] The resource https://images.ctfassets.net/4t2g4k2vpevh/2sOdbQ30zS7nR9bxm9jLnI/32d1ec0aef8bbe4cedb6804602cab25d/TRACE-THE-BEARD-CONTOURS_2x-SP.jpg?fm=webp&w=360&q=70 was preloaded using link preload but not used within a few seconds from the window's load event. Please make sure it has an appropriate `as` value and it is preloaded intentionally. @ https://www.gillette.de/de-de/perfekte-rasur/bart-styles/bartkonturen-richtig-rasieren:0
[   14778ms] [WARNING] The resource https://images.ctfassets.net/4t2g4k2vpevh/5EgyQ1rGE4UiGJz83x2OWb/7085e3e2fa32ce026c6642d5fa7cf321/TRACE-THE-BEARD-CONTOURS_2x-DT.jpg?fm=avif&w=360&q=70 was preloaded using link preload but not used within a few seconds from the window's load event. Please make sure it has an appropriate `as` value and it is preloaded intentionally. @ https://www.gillette.de/de-de/perfekte-rasur/bart-styles/bartkonturen-richtig-rasieren:0
[   14778ms] [WARNING] The resource https://images.ctfassets.net/4t2g4k2vpevh/2sOdbQ30zS7nR9bxm9jLnI/32d1ec0aef8bbe4cedb6804602cab25d/TRACE-THE-BEARD-CONTOURS_2x-SP.jpg?fm=webp&w=360&q=70 was preloaded using link preload but not used within a few seconds from the window's load event. Please make sure it has an appropriate `as` value and it is preloaded intentionally. @ https://www.gillette.de/de-de/perfekte-rasur/bart-styles/bartkonturen-richtig-rasieren:0
