[    2440ms] Error: Minified React error #418; visit https://reactjs.org/docs/error-decoder.html?invariant=418 for the full message or use the non-minified dev environment for full errors and additional helpful warnings.
    at lg (https://www.gillette.de/_next/static/chunks/framework-945b357d4a851f4b.js:1:46555)
    at i (https://www.gillette.de/_next/static/chunks/framework-945b357d4a851f4b.js:1:121150)
    at oO (https://www.gillette.de/_next/static/chunks/framework-945b357d4a851f4b.js:1:99117)
    at https://www.gillette.de/_next/static/chunks/framework-945b357d4a851f4b.js:1:98984
    at oF (https://www.gillette.de/_next/static/chunks/framework-945b357d4a851f4b.js:1:98991)
    at oS (https://www.gillette.de/_next/static/chunks/framework-945b357d4a851f4b.js:1:94030)
    at x (https://www.gillette.de/_next/static/chunks/framework-945b357d4a851f4b.js:1:137528)
    at MessagePort.T (https://www.gillette.de/_next/static/chunks/framework-945b357d4a851f4b.js:1:138058)
[    2441ms] Error: Minified React error #418; visit https://reactjs.org/docs/error-decoder.html?invariant=418 for the full message or use the non-minified dev environment for full errors and additional helpful warnings.
    at lg (https://www.gillette.de/_next/static/chunks/framework-945b357d4a851f4b.js:1:46555)
    at i (https://www.gillette.de/_next/static/chunks/framework-945b357d4a851f4b.js:1:121150)
    at oO (https://www.gillette.de/_next/static/chunks/framework-945b357d4a851f4b.js:1:99117)
    at https://www.gillette.de/_next/static/chunks/framework-945b357d4a851f4b.js:1:98984
    at oF (https://www.gillette.de/_next/static/chunks/framework-945b357d4a851f4b.js:1:98991)
    at oS (https://www.gillette.de/_next/static/chunks/framework-945b357d4a851f4b.js:1:94030)
    at x (https://www.gillette.de/_next/static/chunks/framework-945b357d4a851f4b.js:1:137528)
    at MessagePort.T (https://www.gillette.de/_next/static/chunks/framework-945b357d4a851f4b.js:1:138058)
[    2444ms] Error: Minified React error #418; visit https://reactjs.org/docs/error-decoder.html?invariant=418 for the full message or use the non-minified dev environment for full errors and additional helpful warnings.
    at lg (https://www.gillette.de/_next/static/chunks/framework-945b357d4a851f4b.js:1:46555)
    at i (https://www.gillette.de/_next/static/chunks/framework-945b357d4a851f4b.js:1:121150)
    at oO (https://www.gillette.de/_next/static/chunks/framework-945b357d4a851f4b.js:1:99117)
    at https://www.gillette.de/_next/static/chunks/framework-945b357d4a851f4b.js:1:98984
    at oF (https://www.gillette.de/_next/static/chunks/framework-945b357d4a851f4b.js:1:98991)
    at oS (https://www.gillette.de/_next/static/chunks/framework-945b357d4a851f4b.js:1:94030)
    at x (https://www.gillette.de/_next/static/chunks/framework-945b357d4a851f4b.js:1:137528)
    at MessagePort.T (https://www.gillette.de/_next/static/chunks/framework-945b357d4a851f4b.js:1:138058)
[    2445ms] Error: Minified React error #418; visit https://reactjs.org/docs/error-decoder.html?invariant=418 for the full message or use the non-minified dev environment for full errors and additional helpful warnings.
    at lg (https://www.gillette.de/_next/static/chunks/framework-945b357d4a851f4b.js:1:46555)
    at i (https://www.gillette.de/_next/static/chunks/framework-945b357d4a851f4b.js:1:121150)
    at oO (https://www.gillette.de/_next/static/chunks/framework-945b357d4a851f4b.js:1:99117)
    at https://www.gillette.de/_next/static/chunks/framework-945b357d4a851f4b.js:1:98984
    at oF (https://www.gillette.de/_next/static/chunks/framework-945b357d4a851f4b.js:1:98991)
    at oS (https://www.gillette.de/_next/static/chunks/framework-945b357d4a851f4b.js:1:94030)
    at x (https://www.gillette.de/_next/static/chunks/framework-945b357d4a851f4b.js:1:137528)
    at MessagePort.T (https://www.gillette.de/_next/static/chunks/framework-945b357d4a851f4b.js:1:138058)
[    2447ms] Error: Minified React error #418; visit https://reactjs.org/docs/error-decoder.html?invariant=418 for the full message or use the non-minified dev environment for full errors and additional helpful warnings.
    at lg (https://www.gillette.de/_next/static/chunks/framework-945b357d4a851f4b.js:1:46555)
    at i (https://www.gillette.de/_next/static/chunks/framework-945b357d4a851f4b.js:1:121150)
    at oO (https://www.gillette.de/_next/static/chunks/framework-945b357d4a851f4b.js:1:99117)
    at https://www.gillette.de/_next/static/chunks/framework-945b357d4a851f4b.js:1:98984
    at oF (https://www.gillette.de/_next/static/chunks/framework-945b357d4a851f4b.js:1:98991)
    at oS (https://www.gillette.de/_next/static/chunks/framework-945b357d4a851f4b.js:1:94030)
    at x (https://www.gillette.de/_next/static/chunks/framework-945b357d4a851f4b.js:1:137528)
    at MessagePort.T (https://www.gillette.de/_next/static/chunks/framework-945b357d4a851f4b.js:1:138058)
[    2447ms] Error: Minified React error #423; visit https://reactjs.org/docs/error-decoder.html?invariant=423 for the full message or use the non-minified dev environment for full errors and additional helpful warnings.
    at i (https://www.gillette.de/_next/static/chunks/framework-945b357d4a851f4b.js:1:120819)
    at oO (https://www.gillette.de/_next/static/chunks/framework-945b357d4a851f4b.js:1:99117)
    at https://www.gillette.de/_next/static/chunks/framework-945b357d4a851f4b.js:1:98984
    at oF (https://www.gillette.de/_next/static/chunks/framework-945b357d4a851f4b.js:1:98991)
    at ox (https://www.gillette.de/_next/static/chunks/framework-945b357d4a851f4b.js:1:95743)
    at oS (https://www.gillette.de/_next/static/chunks/framework-945b357d4a851f4b.js:1:94298)
    at x (https://www.gillette.de/_next/static/chunks/framework-945b357d4a851f4b.js:1:137528)
    at MessagePort.T (https://www.gillette.de/_next/static/chunks/framework-945b357d4a851f4b.js:1:138058)
[    6945ms] [WARNING] The resource https://images.ctfassets.net/4t2g4k2vpevh/4pCNr8KiNWNSoIIp2wuHQm/8889e17d7d0e8482b67894945fdfa91f/Group_33051_2x.jpg?fm=webp&q=70 was preloaded using link preload but not used within a few seconds from the window's load event. Please make sure it has an appropriate `as` value and it is preloaded intentionally. @ https://www.gillette.de/de-de/intimrasur/intimate-trimmer:0
[    6945ms] [WARNING] The resource https://images.ctfassets.net/4t2g4k2vpevh/4pCNr8KiNWNSoIIp2wuHQm/8889e17d7d0e8482b67894945fdfa91f/Group_33051_2x.jpg?fm=avif&q=70 was preloaded using link preload but not used within a few seconds from the window's load event. Please make sure it has an appropriate `as` value and it is preloaded intentionally. @ https://www.gillette.de/de-de/intimrasur/intimate-trimmer:0
[    6945ms] [WARNING] The resource https://images.ctfassets.net/4t2g4k2vpevh/1cImNNEH53x7O00QwfSvo4/090ed3f20068fb61bbaf790e891864bc/Group_33050_2x.png?fm=avif&q=70 was preloaded using link preload but not used within a few seconds from the window's load event. Please make sure it has an appropriate `as` value and it is preloaded intentionally. @ https://www.gillette.de/de-de/intimrasur/intimate-trimmer:0
[    7472ms] [WARNING] [Meta Pixel] - Invalid PixelID: null. @ https://connect.facebook.net/en_US/fbevents.js:175
[    8501ms] [WARNING] BV Loader should only be called once per page. @ https://apps.bazaarvoice.com/bv.js:17
[    8956ms] [ERROR] The Content-Security-Policy directive 'default-src' contains the keyword 'none' alongside with other source expressions. The keyword 'none' must be the only source expression in the directive value, otherwise it is ignored. @ https://pandg.tapad.com/tag?referrer_url=&page_url=https%3A%2F%2Fwww.gillette.de%2Fde-de%2Fintimrasur%2Fintimate-trimmer&owner=P%26G&bp_id=firstp&ch=%7B%22architecture%22%3A%22x86%22%2C%22bitness%22%3A%2264%22%2C%22brands%22%3A%5B%7B%22brand%22%3A%22Not%3AA-Brand%22%2C%22version%22%3A%2299%22%7D%2C%7B%22brand%22%3A%22Google%20Chrome%22%2C%22version%22%3A%22145%22%7D%2C%7B%22brand%22%3A%22Chromium%22%2C%22version%22%3A%22145%22%7D%5D%2C%22fullVersionList%22%3A%5B%7B%22brand%22%3A%22Not%3AA-Brand%22%2C%22version%22%3A%2299.0.0.0%22%7D%2C%7B%22brand%22%3A%22Google%20Chrome%22%2C%22version%22%3A%22145.0.7632.117%22%7D%2C%7B%22brand%22%3A%22Chromium%22%2C%22version%22%3A%22145.0.7632.117%22%7D%5D%2C%22mobile%22%3Afalse%2C%22model%22%3A%22%22%2C%22platform%22%3A%22Windows%22%2C%22platformVersion%22%3A%2219.0.0%22%7D&initiator=js&data=%7B%22event%22%3A%22page_view%22%2C%22gaid%22%3A%221885278820.1771785538%22%2C%22WMHMDA%22%3A0%2C%22mediaID%22%3A%22%22%2C%22brand%22%3A%22gillette%22%7D:0
[   10782ms] [WARNING] failed to load lytics due to invalid configuration @ https://c.lytics.io/api/tag/empty/latest.min.js:0
[   10784ms] Error: Load error!
    at HTMLScriptElement.<anonymous> (<anonymous>:2:350)
[   15549ms] [WARNING] The resource https://images.ctfassets.net/4t2g4k2vpevh/4pCNr8KiNWNSoIIp2wuHQm/8889e17d7d0e8482b67894945fdfa91f/Group_33051_2x.jpg?fm=webp&q=70 was preloaded using link preload but not used within a few seconds from the window's load event. Please make sure it has an appropriate `as` value and it is preloaded intentionally. @ https://www.gillette.de/de-de/intimrasur/intimate-trimmer:0
[   15549ms] [WARNING] The resource https://images.ctfassets.net/4t2g4k2vpevh/4pCNr8KiNWNSoIIp2wuHQm/8889e17d7d0e8482b67894945fdfa91f/Group_33051_2x.jpg?fm=avif&q=70 was preloaded using link preload but not used within a few seconds from the window's load event. Please make sure it has an appropriate `as` value and it is preloaded intentionally. @ https://www.gillette.de/de-de/intimrasur/intimate-trimmer:0
[   15550ms] [WARNING] The resource https://images.ctfassets.net/4t2g4k2vpevh/1cImNNEH53x7O00QwfSvo4/090ed3f20068fb61bbaf790e891864bc/Group_33050_2x.png?fm=avif&q=70 was preloaded using link preload but not used within a few seconds from the window's load event. Please make sure it has an appropriate `as` value and it is preloaded intentionally. @ https://www.gillette.de/de-de/intimrasur/intimate-trimmer:0
[  940430ms] [WARNING] The resource https://images.ctfassets.net/4t2g4k2vpevh/4pCNr8KiNWNSoIIp2wuHQm/8889e17d7d0e8482b67894945fdfa91f/Group_33051_2x.jpg?fm=webp&q=70 was preloaded using link preload but not used within a few seconds from the window's load event. Please make sure it has an appropriate `as` value and it is preloaded intentionally. @ https://www.gillette.de/de-de/intimrasur/intimate-trimmer:0
[  940430ms] [WARNING] The resource https://images.ctfassets.net/4t2g4k2vpevh/4pCNr8KiNWNSoIIp2wuHQm/8889e17d7d0e8482b67894945fdfa91f/Group_33051_2x.jpg?fm=avif&q=70 was preloaded using link preload but not used within a few seconds from the window's load event. Please make sure it has an appropriate `as` value and it is preloaded intentionally. @ https://www.gillette.de/de-de/intimrasur/intimate-trimmer:0
[  940431ms] [WARNING] The resource https://images.ctfassets.net/4t2g4k2vpevh/1cImNNEH53x7O00QwfSvo4/090ed3f20068fb61bbaf790e891864bc/Group_33050_2x.png?fm=avif&q=70 was preloaded using link preload but not used within a few seconds from the window's load event. Please make sure it has an appropriate `as` value and it is preloaded intentionally. @ https://www.gillette.de/de-de/intimrasur/intimate-trimmer:0
[ 1070632ms] [WARNING] The resource https://images.ctfassets.net/4t2g4k2vpevh/4pCNr8KiNWNSoIIp2wuHQm/8889e17d7d0e8482b67894945fdfa91f/Group_33051_2x.jpg?fm=webp&q=70 was preloaded using link preload but not used within a few seconds from the window's load event. Please make sure it has an appropriate `as` value and it is preloaded intentionally. @ https://www.gillette.de/de-de/intimrasur/intimate-trimmer:0
[ 1070632ms] [WARNING] The resource https://images.ctfassets.net/4t2g4k2vpevh/4pCNr8KiNWNSoIIp2wuHQm/8889e17d7d0e8482b67894945fdfa91f/Group_33051_2x.jpg?fm=avif&q=70 was preloaded using link preload but not used within a few seconds from the window's load event. Please make sure it has an appropriate `as` value and it is preloaded intentionally. @ https://www.gillette.de/de-de/intimrasur/intimate-trimmer:0
[ 1070633ms] [WARNING] The resource https://images.ctfassets.net/4t2g4k2vpevh/1cImNNEH53x7O00QwfSvo4/090ed3f20068fb61bbaf790e891864bc/Group_33050_2x.png?fm=avif&q=70 was preloaded using link preload but not used within a few seconds from the window's load event. Please make sure it has an appropriate `as` value and it is preloaded intentionally. @ https://www.gillette.de/de-de/intimrasur/intimate-trimmer:0
