[      16ms] [LOG] Total Time on Page1158895.399999991 @ :3
[      17ms] [LOG] Visible Time on Page1158895.399999991 @ :3
[     113ms] [LOG] eAction event_total_time_page_visible @ :12
[     114ms] [LOG] Tapad - sConsumerAction is not found @ :12
[     163ms] [LOG] Adjusted Bounce Rate Determined - Time Visible 1158895.399999991 @ :5
[    2065ms] Error: Minified React error #418; visit https://reactjs.org/docs/error-decoder.html?invariant=418 for the full message or use the non-minified dev environment for full errors and additional helpful warnings.
    at lg (https://www.gillette.co.in/_next/static/chunks/9e9ed20ed48678f9.js:1:50283)
    at i (https://www.gillette.co.in/_next/static/chunks/9e9ed20ed48678f9.js:1:124897)
    at oD (https://www.gillette.co.in/_next/static/chunks/9e9ed20ed48678f9.js:1:102885)
    at oR (https://www.gillette.co.in/_next/static/chunks/9e9ed20ed48678f9.js:1:102755)
    at oS (https://www.gillette.co.in/_next/static/chunks/9e9ed20ed48678f9.js:1:97828)
    at E (https://www.gillette.co.in/_next/static/chunks/9e9ed20ed48678f9.js:1:1491)
    at MessagePort.L (https://www.gillette.co.in/_next/static/chunks/9e9ed20ed48678f9.js:1:2012)
[    2067ms] Error: Minified React error #423; visit https://reactjs.org/docs/error-decoder.html?invariant=423 for the full message or use the non-minified dev environment for full errors and additional helpful warnings.
    at i (https://www.gillette.co.in/_next/static/chunks/9e9ed20ed48678f9.js:1:124556)
    at oD (https://www.gillette.co.in/_next/static/chunks/9e9ed20ed48678f9.js:1:102885)
    at oR (https://www.gillette.co.in/_next/static/chunks/9e9ed20ed48678f9.js:1:102755)
    at ox (https://www.gillette.co.in/_next/static/chunks/9e9ed20ed48678f9.js:1:99526)
    at oS (https://www.gillette.co.in/_next/static/chunks/9e9ed20ed48678f9.js:1:98081)
    at E (https://www.gillette.co.in/_next/static/chunks/9e9ed20ed48678f9.js:1:1491)
    at MessagePort.L (https://www.gillette.co.in/_next/static/chunks/9e9ed20ed48678f9.js:1:2012)
[    5227ms] [WARNING] The resource https://images.ctfassets.net/7tfi3razjgvb/8VsZYdCCJNwC2i2nl0Cux/91a40887d7a87b5b406af2f56dbfc48d/Component_64_____2_2x.png?fm=avif&q=70 was preloaded using link preload but not used within a few seconds from the window's load event. Please make sure it has an appropriate `as` value and it is preloaded intentionally. @ https://www.gillette.co.in/en-in/products:0
[    5227ms] [WARNING] The resource https://images.ctfassets.net/7tfi3razjgvb/2oCddN05HpT7zMBdiVqxeZ/f4c36379c1a3f2cfbfe0b66eae301acd/Component_64_____1_2x.png?fm=avif&q=70 was preloaded using link preload but not used within a few seconds from the window's load event. Please make sure it has an appropriate `as` value and it is preloaded intentionally. @ https://www.gillette.co.in/en-in/products:0
[    5227ms] [WARNING] The resource https://images.ctfassets.net/7tfi3razjgvb/8VsZYdCCJNwC2i2nl0Cux/91a40887d7a87b5b406af2f56dbfc48d/Component_64_____2_2x.png?fm=webp&q=70 was preloaded using link preload but not used within a few seconds from the window's load event. Please make sure it has an appropriate `as` value and it is preloaded intentionally. @ https://www.gillette.co.in/en-in/products:0
[    6418ms] [LOG] Google Analytics Standard Events Library Loaded @ :2
[    6464ms] [LOG] OneTrust Consent Loaded: 018eebef-a6ee-7946-a5a5-9fd5120ad4f8 @ :0
[    6464ms] [LOG] empty lang @ :1
[    6466ms] [LOG] Google Analytics Adjusted Bounce Rate Loaded @ :0
[    6607ms] [LOG] Segment Loaded: pgLNcJvNQhHE1FBTmvXCzY3YKPpIWo5y @ :0
[    6612ms] [LOG] Facebook Remarketing Pixel Loaded: 1504681989770708 @ :0
[    6694ms] [LOG] Tapad Loaded @ :0
[    7034ms] [LOG] Segment Event: Image Click @ :67
[    7039ms] [LOG] eAction event_image_click @ :12
[    7040ms] [LOG] Tapad - sConsumerAction is not found @ :12
[    7083ms] [LOG] Total Time on Page6303.20000000298 @ :3
[    7083ms] [LOG] Visible Time on Page0 @ :3
[    7083ms] [LOG] No Adjusted Bounce Rate @ :5
[    7364ms] [LOG] Could not find media ID in the request response @ :1
[    8119ms] [LOG] In window.addTracing() @ :1
[    8121ms] [LOG] Faro client initialized. Tracing added. @ :1
[    8121ms] [LOG] Sampling Rate: 0.7 @ :1
[    8286ms] [ERROR] Faro
 @grafana/faro-web-sdk:transport-fetch
 Failed sending payload to the receiver
 {meta: Object, events: Array(22), measurements: Array(3)} TypeError: Failed to fetch
    at https://unpkg.com/@grafana/faro-web-tracing@%5E1.0.0/dist/bundle/faro-web-tracing.iife.js:1:66942
    at https://unpkg.com/@grafana/faro-web-sdk@%5E1.0.0/dist/bundle/faro-web-sdk.iife.js:1:86312
    at o (https://unpkg.com/@grafana/faro-web-sdk@%5E1.0.0/dist/bundle/faro-web-sdk.iife.js:1:1723)
    at https://unpkg.com/@grafana/faro-web-sdk@%5E1.0.0/dist/bundle/faro-web-sdk.iife.js:1:1911
    at new Promise (<anonymous>)
    at Object.add (https://unpkg.com/@grafana/faro-web-sdk@%5E1.0.0/dist/bundle/faro-web-sdk.iife.js:1:1850)
    at Nr.<anonymous> (https://unpkg.com/@grafana/faro-web-sdk@%5E1.0.0/dist/bundle/faro-web-sdk.iife.js:1:86112)
    at Generator.next (<anonymous>)
    at https://unpkg.com/@grafana/faro-web-sdk@%5E1.0.0/dist/bundle/faro-web-sdk.iife.js:1:76864
    at new Promise (<anonymous>) @ https://unpkg.com/@grafana/faro-web-sdk@%5E1.0.0/dist/bundle/faro-web-sdk.iife.js:0
[    9670ms] Error: Minified React error #418; visit https://reactjs.org/docs/error-decoder.html?invariant=418 for the full message or use the non-minified dev environment for full errors and additional helpful warnings.
    at lg (https://www.gillette.co.in/_next/static/chunks/9e9ed20ed48678f9.js:1:50283)
    at i (https://www.gillette.co.in/_next/static/chunks/9e9ed20ed48678f9.js:1:124897)
    at oD (https://www.gillette.co.in/_next/static/chunks/9e9ed20ed48678f9.js:1:102885)
    at oR (https://www.gillette.co.in/_next/static/chunks/9e9ed20ed48678f9.js:1:102755)
    at oS (https://www.gillette.co.in/_next/static/chunks/9e9ed20ed48678f9.js:1:97828)
    at E (https://www.gillette.co.in/_next/static/chunks/9e9ed20ed48678f9.js:1:1491)
    at MessagePort.L (https://www.gillette.co.in/_next/static/chunks/9e9ed20ed48678f9.js:1:2012)
[    9670ms] Error: Minified React error #423; visit https://reactjs.org/docs/error-decoder.html?invariant=423 for the full message or use the non-minified dev environment for full errors and additional helpful warnings.
    at i (https://www.gillette.co.in/_next/static/chunks/9e9ed20ed48678f9.js:1:124556)
    at oD (https://www.gillette.co.in/_next/static/chunks/9e9ed20ed48678f9.js:1:102885)
    at oR (https://www.gillette.co.in/_next/static/chunks/9e9ed20ed48678f9.js:1:102755)
    at ox (https://www.gillette.co.in/_next/static/chunks/9e9ed20ed48678f9.js:1:99526)
    at oS (https://www.gillette.co.in/_next/static/chunks/9e9ed20ed48678f9.js:1:98081)
    at E (https://www.gillette.co.in/_next/static/chunks/9e9ed20ed48678f9.js:1:1491)
    at MessagePort.L (https://www.gillette.co.in/_next/static/chunks/9e9ed20ed48678f9.js:1:2012)
[   13008ms] [WARNING] The resource https://images.ctfassets.net/7tfi3razjgvb/6u2QxvKuO1qMyoNE4jONDe/708592c7ee04c3adff32885bc6bc19c0/Everything-you-need-SP_2x.png?fm=avif&q=70 was preloaded using link preload but not used within a few seconds from the window's load event. Please make sure it has an appropriate `as` value and it is preloaded intentionally. @ https://www.gillette.co.in/en-in:0
[   13008ms] [WARNING] The resource https://images.ctfassets.net/7tfi3razjgvb/628ndCzpF5CbPpPGOXwckJ/37e5c0d0f839568204d69e9609e22f61/Guard3-Logo_2x.png?fm=avif&q=70 was preloaded using link preload but not used within a few seconds from the window's load event. Please make sure it has an appropriate `as` value and it is preloaded intentionally. @ https://www.gillette.co.in/en-in:0
[   13008ms] [WARNING] The resource https://images.ctfassets.net/7tfi3razjgvb/628ndCzpF5CbPpPGOXwckJ/37e5c0d0f839568204d69e9609e22f61/Guard3-Logo_2x.png?fm=webp&q=70 was preloaded using link preload but not used within a few seconds from the window's load event. Please make sure it has an appropriate `as` value and it is preloaded intentionally. @ https://www.gillette.co.in/en-in:0
[   13008ms] [WARNING] The resource https://images.ctfassets.net/7tfi3razjgvb/6u2QxvKuO1qMyoNE4jONDe/708592c7ee04c3adff32885bc6bc19c0/Everything-you-need-SP_2x.png?fm=webp&q=70 was preloaded using link preload but not used within a few seconds from the window's load event. Please make sure it has an appropriate `as` value and it is preloaded intentionally. @ https://www.gillette.co.in/en-in:0
[   13008ms] [WARNING] The resource https://images.ctfassets.net/7tfi3razjgvb/UXRTEORy7FRzmPdtjfpkB/b82b75ef8e1f6063d39517c9767713f8/Guard3-a-smooth-shave_2x.png?fm=avif&q=70 was preloaded using link preload but not used within a few seconds from the window's load event. Please make sure it has an appropriate `as` value and it is preloaded intentionally. @ https://www.gillette.co.in/en-in:0
[   13008ms] [WARNING] The resource https://images.ctfassets.net/7tfi3razjgvb/9o7qLcsw2yOTFrb3B8A20/186e1470995c7b52fe7c29a5cea3103c/Everything-you-need-DT_2x.png?fm=avif&q=70 was preloaded using link preload but not used within a few seconds from the window's load event. Please make sure it has an appropriate `as` value and it is preloaded intentionally. @ https://www.gillette.co.in/en-in:0
[   13705ms] [LOG] Google Analytics Standard Events Library Loaded @ :2
[   13783ms] [LOG] OneTrust Consent Loaded: 018eebef-a6ee-7946-a5a5-9fd5120ad4f8 @ :0
[   13783ms] [LOG] empty lang @ :1
[   13786ms] [LOG] Google Analytics Adjusted Bounce Rate Loaded @ :0
[   13986ms] [LOG] Segment Loaded: pgLNcJvNQhHE1FBTmvXCzY3YKPpIWo5y @ :0
[   13993ms] [LOG] Facebook Remarketing Pixel Loaded: 1504681989770708 @ :0
[   14076ms] [LOG] Tapad Loaded @ :0
[   14214ms] [LOG] In window.addTracing() @ :1
[   14217ms] [LOG] Faro client initialized. Tracing added. @ :1
[   14217ms] [LOG] Sampling Rate: 0.7 @ :1
